Semantic Error - (13:4): Array size must be >= 1.
Semantic Error - (20:13): Multiple declaration: 'int idx' (variable).
Semantic Error - (33:13): Multiple declaration: 'int idx' (variable).
Semantic Error - (36:16): Undefined variable: 'maxValue'.
Semantic Error - (45:19): Type mismatch: cannot convert type 'float' to type 'int'.
Semantic Error - (45:4): Type mismatch: cannot convert type 'int' to type 'float'.
Semantic Error - (59:21): Type mismatch: cannot convert type 'float' to type 'int'.
Semantic Error - (63:4): Dimension out of bounds. Identifier 'var1' has a dimension of 6.
Semantic Error - (64:4): Dimension out of bounds. Identifier 'var1' has a dimension of 6.